src/app/(authenticated)/internacoes/page.tsx(249,9): error TS2322: Type '{ patient: Patient | null; isOpen: boolean; onClose: () => void; onSave: (updatedPatient: Patient) => Promise<{ success: boolean; message: string; }>; saveResult: { ...; } | null; }' is not assignable to type 'IntrinsicAttributes & EditPatientModalProps'.
  Property 'saveResult' does not exist on type 'IntrinsicAttributes & EditPatientModalProps'.
src/components/edit-doctor-modal.tsx(5,24): error TS2459: Module '"@/lib/auth-context"' declares 'Doctor' locally, but it is not exported.
src/components/edit-procedencia-modal.tsx(51,25): error TS2322: Type '{ children: Element[]; open: boolean; onSetChange: Dispatch<SetStateAction<boolean>>; }' is not assignable to type 'IntrinsicAttributes & DialogProps'.
  Property 'onSetChange' does not exist on type 'IntrinsicAttributes & DialogProps'.
src/components/edit-receptionist-modal.tsx(5,24): error TS2459: Module '"@/lib/auth-context"' declares 'Receptionist' locally, but it is not exported.
src/components/edit-receptionist-modal.tsx(116,54): error TS7006: Parameter 'm' implicitly has an 'any' type.
src/components/edit-receptionist-modal.tsx(138,54): error TS7006: Parameter 'm' implicitly has an 'any' type.
src/components/edit-receptionist-modal.tsx(161,56): error TS7006: Parameter 'm' implicitly has an 'any' type.
src/components/edit-receptionist-modal.tsx(186,65): error TS7006: Parameter 's' implicitly has an 'any' type.
src/components/ErrorReporter.tsx(14,19): error TS2554: Expected 1 arguments, but got 0.
src/components/patient-registry.tsx(24,13): error TS2451: Cannot redeclare block-scoped variable 'patients'.
src/components/patient-registry.tsx(24,38): error TS2451: Cannot redeclare block-scoped variable 'updatePatient'.
src/components/patient-registry.tsx(24,53): error TS2451: Cannot redeclare block-scoped variable 'deletePatient'.
src/components/patient-registry.tsx(25,12): error TS2451: Cannot redeclare block-scoped variable 'searchTerm'.
src/components/patient-registry.tsx(25,24): error TS2451: Cannot redeclare block-scoped variable 'setSearchTerm'.
src/components/patient-registry.tsx(26,12): error TS2451: Cannot redeclare block-scoped variable 'editingPatient'.
src/components/patient-registry.tsx(26,28): error TS2451: Cannot redeclare block-scoped variable 'setEditingPatient'.
src/components/patient-registry.tsx(27,12): error TS2451: Cannot redeclare block-scoped variable 'isEditOpen'.
src/components/patient-registry.tsx(27,24): error TS2451: Cannot redeclare block-scoped variable 'setIsEditOpen'.
src/components/patient-registry.tsx(28,12): error TS2451: Cannot redeclare block-scoped variable 'isDeleting'.
src/components/patient-registry.tsx(28,24): error TS2451: Cannot redeclare block-scoped variable 'setIsDeleting'.
src/components/patient-registry.tsx(29,12): error TS2451: Cannot redeclare block-scoped variable 'patientToDelete'.
src/components/patient-registry.tsx(29,29): error TS2451: Cannot redeclare block-scoped variable 'setPatientToDelete'.
src/components/patient-registry.tsx(31,13): error TS2451: Cannot redeclare block-scoped variable 'patients'.
src/components/patient-registry.tsx(31,23): error TS2451: Cannot redeclare block-scoped variable 'updatePatient'.
src/components/patient-registry.tsx(31,38): error TS2451: Cannot redeclare block-scoped variable 'deletePatient'.
src/components/patient-registry.tsx(32,12): error TS2451: Cannot redeclare block-scoped variable 'searchTerm'.
src/components/patient-registry.tsx(32,24): error TS2451: Cannot redeclare block-scoped variable 'setSearchTerm'.
src/components/patient-registry.tsx(33,12): error TS2451: Cannot redeclare block-scoped variable 'editingPatient'.
src/components/patient-registry.tsx(33,28): error TS2451: Cannot redeclare block-scoped variable 'setEditingPatient'.
src/components/patient-registry.tsx(34,12): error TS2451: Cannot redeclare block-scoped variable 'isEditOpen'.
src/components/patient-registry.tsx(34,24): error TS2451: Cannot redeclare block-scoped variable 'setIsEditOpen'.
src/components/patient-registry.tsx(35,12): error TS2451: Cannot redeclare block-scoped variable 'isDeleting'.
src/components/patient-registry.tsx(35,24): error TS2451: Cannot redeclare block-scoped variable 'setIsDeleting'.
src/components/patient-registry.tsx(36,12): error TS2451: Cannot redeclare block-scoped variable 'patientToDelete'.
src/components/patient-registry.tsx(36,29): error TS2451: Cannot redeclare block-scoped variable 'setPatientToDelete'.
src/components/patient-table.tsx(52,11): error TS18048: 'p.prontuario' is possibly 'undefined'.
src/components/patient-table.tsx(68,37): error TS2345: Argument of type 'string | undefined' is not assignable to parameter of type 'string'.
  Type 'undefined' is not assignable to type 'string'.
src/components/patient-table.tsx(69,37): error TS2345: Argument of type 'string | undefined' is not assignable to parameter of type 'string'.
  Type 'undefined' is not assignable to type 'string'.
src/lib/auth-context.tsx(167,21): error TS2739: Type 'PostgrestFilterBuilder<any, any, any, any[], "patients", unknown, "GET">' is missing the following properties from type 'Promise<any>': catch, finally, [Symbol.toStringTag]
src/lib/auth-context.tsx(168,21): error TS2739: Type 'PostgrestFilterBuilder<any, any, any, any[], "doctors", unknown, "GET">' is missing the following properties from type 'Promise<any>': catch, finally, [Symbol.toStringTag]
src/lib/auth-context.tsx(169,21): error TS2739: Type 'PostgrestFilterBuilder<any, any, any, any[], "receptionists", unknown, "GET">' is missing the following properties from type 'Promise<any>': catch, finally, [Symbol.toStringTag]
src/lib/auth-context.tsx(170,21): error TS2739: Type 'PostgrestFilterBuilder<any, any, any, any[], "settings", unknown, "GET">' is missing the following properties from type 'Promise<any>': catch, finally, [Symbol.toStringTag]
src/lib/auth-context.tsx(171,21): error TS2739: Type 'PostgrestFilterBuilder<any, any, any, any[], "procedencias", unknown, "GET">' is missing the following properties from type 'Promise<any>': catch, finally, [Symbol.toStringTag]
src/lib/auth-context.tsx(172,21): error TS2739: Type 'PostgrestBuilder<any, any, false>' is missing the following properties from type 'Promise<any>': catch, finally, [Symbol.toStringTag]
src/lib/auth-context.tsx(173,21): error TS2739: Type 'PostgrestFilterBuilder<any, any, any, any[], "doctor_slots", unknown, "GET">' is missing the following properties from type 'Promise<any>': catch, finally, [Symbol.toStringTag]
src/lib/auth-context.tsx(174,21): error TS2739: Type 'PostgrestFilterBuilder<any, any, any, any[], "consultations", unknown, "GET">' is missing the following properties from type 'Promise<any>': catch, finally, [Symbol.toStringTag]
